// Jest Snapshot v1, https://goo.gl/fbAQLP

exports[`matches the operations.graphql snapshot 1`] = `
"query me_query {
  me {
    createdAt
    email
    id
    name
    role
    updatedAt
  }
}

mutation logInUser_mutation($email: String!, $password: String!) {
  logInUser(email: $email, password: $password) {
    jwt
  }
}
"
`;
